[00:52:41] sherpa nemo560 t=2
loaded sherpa-nemo560 in 4732 ms
sample1: rtf 0.310 p95 181.2 ms max 248.5 ms fin 160 ms | Hey, supposedly I should take out the mouth card before I start talking here. This isn't the best time to capture my voice cause I'm a little tired so my voice is probably cooky
sample2: rtf 0.280 p95 157.3 ms max 182.5 ms fin 156 ms | I suppose I should have said grill with docs because it seems important to write the results of this planning session down for future sessions to have background plan to write down these findings when it resolves. Wait, should I just be using handy? I wasn't using it because it doesn't seem to be streaming, but if it streams the results maybe it's fine to use directly instead of building PTW
sample3: rtf 0.282 p95 158.7 ms max 180.9 ms fin 147 ms | So what is it that we want here? I guess I could just read back something that you wrote to me hotkey with release detection on GNOME forty six, the global shortcuts portal has no backend interrupting GNOME forty eight and GNOME shells on Grab API is close to third parties.
sample4: rtf 0.319 p95 174.9 ms max 473.1 ms fin 171 ms | Actually reading stuff that's already written is not really the example data that we're looking for here. It would be best to just use whatever words come to mind off the top of my head. So that's more like what I would actually be saying as I'm dictating to the computer
[00:53:30] tcpp R6 t=2
loaded tcpp-R6-560ms (parakeet / nemotron-speech-streaming-en-0.6b / backend CPU) in 947 ms
sample1: rtf 0.311 p95 180.8 ms max 203.6 ms fin 161 ms | Hey, suppose I should take out the mouth guard before I start talking here. This isn't the best time to capture my voice because I'm a little tired and so my voice is probably creaky.
sample2: rtf 0.322 p95 184.9 ms max 263.5 ms fin 214 ms | I suppose I should have said grill with docs because it seems important to write the results of this planning session down for future sessions to have background. Plan to write down these findings when it resolves. Wait, should I just be using handy? I wasn't using it because it doesn't seem to be streaming, but if it streams or results, maybe it's finding it directly instead of building PTW.
sample3: rtf 0.304 p95 180.7 ms max 252.1 ms fin 215 ms | So what is it that we want here? I guess I could just read back something that you wrote to me hotkey with release detection on GNOME 46 the global shortcuts portal has no back end interrupted GNOME 48 and GNOME shell's own grab API is close to third parties
sample4: rtf 0.313 p95 183.7 ms max 286.3 ms fin 186 ms | Actually, reading stuff that's already written is not really the example data that we're looking for here. It would be best to just use whatever words come to mind off the top of my head. So that's more like what I would actually be saying as I'm dictating to the computer.
[00:54:18] repeat sherpa nemo560 t=4
loaded sherpa-nemo560-rep in 2843 ms
sample1: rtf 0.493 p95 350.3 ms max 398.0 ms fin 213 ms | Hey, supposedly I should take out the mouth card before I start talking here. This isn't the best time to capture my voice cause I'm a little tired so my voice is probably cooky
sample2: rtf 0.393 p95 221.9 ms max 239.6 ms fin 219 ms | I suppose I should have said grill with docs because it seems important to write the results of this planning session down for future sessions to have background plan to write down these findings when it resolves. Wait, should I just be using handy? I wasn't using it because it doesn't seem to be streaming, but if it streams the results maybe it's fine to use directly instead of building PTW
sample3: rtf 0.398 p95 224.0 ms max 380.9 ms fin 219 ms | So what is it that we want here? I guess I could just read back something that you wrote to me hotkey with release detection on GNOME forty six, the global shortcuts portal has no backend interrupting GNOME forty eight and GNOME shells on Grab API is close to third parties.
sample4: rtf 0.394 p95 221.8 ms max 234.8 ms fin 220 ms | Actually reading stuff that's already written is not really the example data that we're looking for here. It would be best to just use whatever words come to mind off the top of my head. So that's more like what I would actually be saying as I'm dictating to the computer
[00:55:26] repeat tcpp R6 t=4
loaded tcpp-R6-560ms-rep (parakeet / nemotron-speech-streaming-en-0.6b / backend CPU) in 1008 ms
sample1: rtf 0.352 p95 202.6 ms max 221.0 ms fin 226 ms | Hey, suppose I should take out the mouth guard before I start talking here. This isn't the best time to capture my voice because I'm a little tired and so my voice is probably creaky.
sample2: rtf 0.372 p95 210.5 ms max 235.2 ms fin 285 ms | I suppose I should have said grill with docs because it seems important to write the results of this planning session down for future sessions to have background. Plan to write down these findings when it resolves. Wait, should I just be using handy? I wasn't using it because it doesn't seem to be streaming, but if it streams or results, maybe it's finding it directly instead of building PTW.
sample3: rtf 0.370 p95 204.4 ms max 353.0 ms fin 208 ms | So what is it that we want here? I guess I could just read back something that you wrote to me hotkey with release detection on GNOME 46 the global shortcuts portal has no back end interrupted GNOME 48 and GNOME shell's own grab API is close to third parties
sample4: rtf 0.361 p95 202.4 ms max 246.9 ms fin 163 ms | Actually, reading stuff that's already written is not really the example data that we're looking for here. It would be best to just use whatever words come to mind off the top of my head. So that's more like what I would actually be saying as I'm dictating to the computer.
[00:56:20] moonshine medium cpus=4 decode_incomplete_lines=false
loaded moon-medium-cpu4-nodecode (arch 5, lib version 30000) in 541 ms, keyterms=-
sample1: rtf 0.661 p95 324.8 ms max 1749.4 ms fin 2 ms | I suppose I should. Take out The mouth guard before I start talking here. This isn't the best time to capture my voice because I'm a little... I'm tired, so my voice is probably crooked.
sample2: rtf 0.651 p95 281.4 ms max 2431.7 ms fin 2 ms | I suppose I should have said "Grill with Docs" because it seems important to write the results of this planning session down. for future sessions to head back. Plan right down these bindings when it resolves. Wait should I just be using handy I love using it because it doesn't seem to be streaming. If it's true as a result, maybe it's fine if you try to play instead of building PT.
sample3: rtf 0.592 p95 318.2 ms max 2763.5 ms fin 1 ms | So, um? What is it that we... Here Alright, I guess I could just read back something that you wrote to me. Hotkey with release detection. 946, the global shortcuts portal, has no backend. They're acting 948. And domeshell's own grab api is close to 3.0
sample4: rtf 0.507 p95 246.8 ms max 1779.7 ms fin 1 ms | Actually reading stuff that's already written is not Really good example data that we're looking for here. It would be best to just use one of the words come to mind often. At the top of my head. So that's I like what That would actually be same as an dictating to the VP.
[00:57:40] moonshine small cpus=1
loaded moon-small-cpu1 (arch 4, lib version 30000) in 253 ms, keyterms=-
sample1: rtf 0.464 p95 341.3 ms max 681.9 ms fin 2 ms | Hey, suppose I should. Take out. The mouth guard before I start talking here. This isn't the best time to capture my voice because I'm a little... Tired so my voice is probably crooked
sample4: rtf 0.530 p95 365.6 ms max 874.0 ms fin 2 ms | Actually reading stuff that's already written is not. Really the example data that we're looking for here It would be best to just use one of the words coming to mind off the top of my head. So that's I'm like, what? That would actually be same as in Dictating to the computer.
[00:58:01] moonshine medium cpus=4 per-chunk dump
loaded moon-medium-cpu4-chunks (arch 5, lib version 30000) in 666 ms, keyterms=-
sample4: rtf 0.937 p95 670.3 ms max 1602.2 ms fin 1 ms | Actually reading stuff that's already written is not really the example data that we're looking for here. It would be best to just use one of the words coming to mind off the top of my head. So that's I'm like what That would actually be the same as an Dictating to the computer
[00:58:27] done
