[00:12:52] sherpa nemo560 t=4
loaded sherpa-nemo560 in 4681 ms
sample1: rtf 0.474 p95 327.7 ms max 360.2 ms fin 233 ms | Hey, supposedly I should take out the mouth card before I start talking here. This isn't the best time to capture my voice cause I'm a little tired so my voice is probably cooky
sample2: rtf 0.402 p95 227.0 ms max 252.9 ms fin 219 ms | I suppose I should have said grill with docs because it seems important to write the results of this planning session down for future sessions to have background plan to write down these findings when it resolves. Wait, should I just be using handy? I wasn't using it because it doesn't seem to be streaming, but if it streams the results maybe it's fine to use directly instead of building PTW
sample3: rtf 0.420 p95 237.9 ms max 332.0 ms fin 229 ms | So what is it that we want here? I guess I could just read back something that you wrote to me hotkey with release detection on GNOME forty six, the global shortcuts portal has no backend interrupting GNOME forty eight and GNOME shells on Grab API is close to third parties.
sample4: rtf 0.433 p95 245.4 ms max 289.2 ms fin 228 ms | Actually reading stuff that's already written is not really the example data that we're looking for here. It would be best to just use whatever words come to mind off the top of my head. So that's more like what I would actually be saying as I'm dictating to the computer
[00:14:00] sherpa nemo160 t=4
loaded sherpa-nemo160 in 3305 ms
sample1: rtf 1.252 p95 271.0 ms max 453.8 ms fin 1630 ms | Hey, supposedly I should take out the mouth card before I start talking here. This isn't the best time to capture my voice cause I'm a little tired so my voice is probably cirky
sample2: rtf 1.935 p95 422.5 ms max 1280.8 ms fin 1972 ms | I suppose I should have said grill with dogs because it seems important to write the results of this planning session down for future sessions to have background plan to write down these findings when it resolves. Wait, should I just be using handy? I wasn't using it because it doesn't seem to be streaming but if it streams the results maybe it's fine to use directly instead of building PTW
sample3: rtf 1.660 p95 351.3 ms max 458.1 ms fin 556 ms | So what is it that we want here? I guess I could just read back something that you wrote to me. Hotkey with release detection on GNOME forty six, the global shortcuts portal has no backend interrupting GNOME forty eight and GNOME shells on Grab API is close to third parties.
sample4: rtf 1.306 p95 281.1 ms max 390.0 ms fin 753 ms | Actually reading stuff that's already written is not really the example data that we're looking for here. It would be best to just use whatever words come to mind off the top of my head. So that's more like what I would actually be saying as I'm dictating to the computer
[00:17:45] tcpp R6 t=4
loaded tcpp-R6-560ms (parakeet / nemotron-speech-streaming-en-0.6b / backend CPU) in 1278 ms
sample1: rtf 0.300 p95 171.4 ms max 266.6 ms fin 164 ms | Hey, suppose I should take out the mouth guard before I start talking here. This isn't the best time to capture my voice because I'm a little tired and so my voice is probably creaky.
sample2: rtf 0.281 p95 160.4 ms max 217.6 ms fin 180 ms | I suppose I should have said grill with docs because it seems important to write the results of this planning session down for future sessions to have background. Plan to write down these findings when it resolves. Wait, should I just be using handy? I wasn't using it because it doesn't seem to be streaming, but if it streams or results, maybe it's finding it directly instead of building PTW.
sample3: rtf 0.377 p95 213.5 ms max 424.4 ms fin 235 ms | So what is it that we want here? I guess I could just read back something that you wrote to me hotkey with release detection on GNOME 46 the global shortcuts portal has no back end interrupted GNOME 48 and GNOME shell's own grab API is close to third parties
sample4: rtf 0.381 p95 215.1 ms max 297.9 ms fin 219 ms | Actually, reading stuff that's already written is not really the example data that we're looking for here. It would be best to just use whatever words come to mind off the top of my head. So that's more like what I would actually be saying as I'm dictating to the computer.
[00:18:39] tcpp R1 t=4
loaded tcpp-R1-160ms (parakeet / nemotron-speech-streaming-en-0.6b / backend CPU) in 1075 ms
sample1: rtf 0.739 p95 136.6 ms max 153.4 ms fin 167 ms | Hey, supposed I should take out the mouth card before I start talking here This isn't the best time to capture my voice because I'm a little tired and so my voice is probably cricky.
sample2: rtf 0.711 p95 147.8 ms max 176.3 ms fin 172 ms | I suppose I should have said grill with docks because it seems important to write the results of this planning session down for future sessions to have background plan to write down these findings when it resolves. Wait, should I just be using handy? I wasn't using it because it doesn't seem to be streaming, but if it streams the results, maybe it's finding you directly instead of building PTW.
sample3: rtf 0.673 p95 146.5 ms max 206.7 ms fin 124 ms | So what is it that we want here? I guess I could just read back something that you wrote to me. Hotkey with release detection on GNOME 46, the global shortcuts portal has no back end. It erupted GNOME 48. And GNOME shell's own grab API is close to third parties.
sample4: rtf 0.779 p95 145.1 ms max 186.8 ms fin 189 ms | Actually, reading stuff that's already written is not really the example data that we're looking for here. It would be best to just use whatever words come to mind off the top of my head. So that's more like what I would actually be saying as I'm dictating to the computer.
[00:20:26] sherpa nemo560 t=8
loaded sherpa-nemo560 in 3385 ms
sample1: rtf 0.602 p95 368.1 ms max 567.8 ms fin 254 ms | Hey, supposedly I should take out the mouth card before I start talking here. This isn't the best time to capture my voice cause I'm a little tired so my voice is probably cooky
sample2: rtf 0.505 p95 305.4 ms max 627.4 ms fin 244 ms | I suppose I should have said grill with docs because it seems important to write the results of this planning session down for future sessions to have background plan to write down these findings when it resolves. Wait, should I just be using handy? I wasn't using it because it doesn't seem to be streaming, but if it streams the results maybe it's fine to use directly instead of building PTW
sample3: rtf 0.514 p95 298.5 ms max 571.8 ms fin 184 ms | So what is it that we want here? I guess I could just read back something that you wrote to me hotkey with release detection on GNOME forty six, the global shortcuts portal has no backend interrupting GNOME forty eight and GNOME shells on Grab API is close to third parties.
sample4: rtf 0.725 p95 466.3 ms max 717.2 ms fin 349 ms | Actually reading stuff that's already written is not really the example data that we're looking for here. It would be best to just use whatever words come to mind off the top of my head. So that's more like what I would actually be saying as I'm dictating to the computer
[00:21:57] sherpa nemo160 t=8
loaded sherpa-nemo160 in 3242 ms
sample1: rtf 2.126 p95 527.5 ms max 658.8 ms fin 703 ms | Hey, supposedly I should take out the mouth card before I start talking here. This isn't the best time to capture my voice cause I'm a little tired so my voice is probably cirky
sample2: rtf 1.615 p95 388.6 ms max 594.2 ms fin 510 ms | I suppose I should have said grill with dogs because it seems important to write the results of this planning session down for future sessions to have background plan to write down these findings when it resolves. Wait, should I just be using handy? I wasn't using it because it doesn't seem to be streaming but if it streams the results maybe it's fine to use directly instead of building PTW
sample3: rtf 2.325 p95 691.7 ms max 1496.3 ms fin 397 ms | So what is it that we want here? I guess I could just read back something that you wrote to me. Hotkey with release detection on GNOME forty six, the global shortcuts portal has no backend interrupting GNOME forty eight and GNOME shells on Grab API is close to third parties.
sample4: rtf 2.823 p95 726.7 ms max 1260.8 ms fin 1357 ms | Actually reading stuff that's already written is not really the example data that we're looking for here. It would be best to just use whatever words come to mind off the top of my head. So that's more like what I would actually be saying as I'm dictating to the computer
[00:27:32] tcpp R6 t=8
loaded tcpp-R6-560ms (parakeet / nemotron-speech-streaming-en-0.6b / backend CPU) in 2177 ms
sample1: rtf 0.565 p95 335.1 ms max 418.1 ms fin 293 ms | Hey, suppose I should take out the mouth guard before I start talking here. This isn't the best time to capture my voice because I'm a little tired and so my voice is probably creaky.
sample2: rtf 0.521 p95 296.6 ms max 339.5 ms fin 254 ms | I suppose I should have said grill with docs because it seems important to write the results of this planning session down for future sessions to have background. Plan to write down these findings when it resolves. Wait, should I just be using handy? I wasn't using it because it doesn't seem to be streaming, but if it streams or results, maybe it's finding it directly instead of building PTW.
sample3: rtf 0.558 p95 313.9 ms max 378.3 ms fin 236 ms | So what is it that we want here? I guess I could just read back something that you wrote to me hotkey with release detection on GNOME 46 the global shortcuts portal has no back end interrupted GNOME 48 and GNOME shell's own grab API is close to third parties
sample4: rtf 0.614 p95 334.7 ms max 610.3 ms fin 205 ms | Actually, reading stuff that's already written is not really the example data that we're looking for here. It would be best to just use whatever words come to mind off the top of my head. So that's more like what I would actually be saying as I'm dictating to the computer.
[00:28:53] tcpp R1 t=8
loaded tcpp-R1-160ms (parakeet / nemotron-speech-streaming-en-0.6b / backend CPU) in 1064 ms
sample1: rtf 0.810 p95 153.2 ms max 182.6 ms fin 237 ms | Hey, supposed I should take out the mouth card before I start talking here This isn't the best time to capture my voice because I'm a little tired and so my voice is probably cricky.
sample2: rtf 0.793 p95 146.6 ms max 217.3 ms fin 217 ms | I suppose I should have said grill with docks because it seems important to write the results of this planning session down for future sessions to have background plan to write down these findings when it resolves. Wait, should I just be using handy? I wasn't using it because it doesn't seem to be streaming, but if it streams the results, maybe it's finding you directly instead of building PTW.
sample3: rtf 0.756 p95 136.3 ms max 183.0 ms fin 97 ms | So what is it that we want here? I guess I could just read back something that you wrote to me. Hotkey with release detection on GNOME 46, the global shortcuts portal has no back end. It erupted GNOME 48. And GNOME shell's own grab API is close to third parties.
sample4: rtf 0.770 p95 141.4 ms max 177.8 ms fin 220 ms | Actually, reading stuff that's already written is not really the example data that we're looking for here. It would be best to just use whatever words come to mind off the top of my head. So that's more like what I would actually be saying as I'm dictating to the computer.
[00:32:12] tcpp R6 t=8 no-BLAS
loaded tcpp-R6-560ms-noblas (parakeet / nemotron-speech-streaming-en-0.6b / backend CPU) in 1149 ms
sample1: rtf 0.362 p95 195.7 ms max 294.2 ms fin 209 ms | Hey, suppose I should take out the mouth guard before I start talking here. This isn't the best time to capture my voice because I'm a little tired, so my voice is probably creaky.
sample2: rtf 0.385 p95 200.8 ms max 338.3 ms fin 273 ms | I suppose I should have said grill with docs because it seems important to write the results of this planning session down for future sessions to have background. Plan to write down these findings when it resolves. Wait, should I just be using handy? I wasn't using it because it doesn't seem to be streaming, but if it streams or results, maybe it's finding it directly instead of building PTW.
sample3: rtf 0.359 p95 193.1 ms max 332.2 ms fin 203 ms | So what is it that we want here? I guess I could just read back something that you wrote to me hotkey with release detection on GNOME 46 the global shortcuts portal has no back end interrupted GNOME 48 and GNOME shell's own grab API is close to third parties
sample4: rtf 0.627 p95 203.8 ms max 4566.3 ms fin 4464 ms | Actually, reading stuff that's already written is not really the example data that we're looking for here. It would be best to just use whatever words come to mind off the top of my head. So that's more like what I would actually be saying as I'm dictating to the computer.
[00:33:29] moonshine medium cpus=4
loaded moon-medium-cpu4 (arch 5, lib version 30000) in 1490 ms, keyterms=-
sample1: rtf 1.687 p95 1130.7 ms max 3210.1 ms fin 2 ms | I suppose I should. Take out The mouth guard before I start talking here. This isn't the best time to capture my voice because I'm a little... I'm tired, so my voice is probably crooked.
sample2: rtf 1.306 p95 888.2 ms max 2709.9 ms fin 3 ms | I suppose I should have said "Grill with Docs" because it seems important to write the results of this planning session down. for future sessions to head back. Plan right down these bindings when it resolves. Wait should I just be using handy I love using it because it doesn't seem to be streaming If it's true as a result, maybe it's fine if it's directly instead of building PT
sample3: rtf 1.447 p95 1094.9 ms max 2565.7 ms fin 2 ms | So? What is it that we... Here Alright, I guess I could just read back something that you wrote to me. Hotkey with release detection. 0.46 the global shortcuts portal has no backend. And domeshell's own grab api is close to 3.0
sample4: rtf 1.044 p95 771.4 ms max 1447.2 ms fin 2 ms | Actually reading stuff that's already written is not Really good example data that we're looking for here It would be best to just use one of the words come to mind off the At the top of my head. So that's I like what That would actually be the same as an dictating to the VP.
[00:36:23] moonshine small cpus=4
loaded moon-small-cpu4 (arch 4, lib version 30000) in 298 ms, keyterms=-
sample1: rtf 0.638 p95 445.8 ms max 870.8 ms fin 2 ms | Hey, suppose I should. Take out. The mouth guard before I start talking here. This isn't the best time to capture my voice because I'm a little... Tired so my voice is probably crooked
sample2: rtf 0.654 p95 436.0 ms max 963.1 ms fin 1 ms | I suppose I should have said grill of dogs, because it seems important to write the results of this planning session down. For the future sessions that back. Planetary felony's findings were in the applesauce. Wait, should I just be using handy? I wasn't using it because it doesn't seem to be streaming. If it's true as a result, maybe it's fine if it's directly instead of building PT
sample3: rtf 0.741 p95 396.4 ms max 1848.0 ms fin 1 ms | So What is it that we... Here. I guess I could just read back something that you wrote to me. A lot of key with release detection. On 946, the global shortcuts portal has no backend. They were acting at 948. Nome shells own grab api is closed throughput.
sample4: rtf 0.529 p95 374.7 ms max 912.5 ms fin 1 ms | Actually reading stuff that's already written is not. Another example data that we're looking for here. It would be best to just use one of the words come to mind often. It's at the top of my head. So that's I'm like, what? That would actually be same as in Dictating to the computer.
[00:37:45] moonshine medium cpus=8
loaded moon-medium-cpu8 (arch 5, lib version 30000) in 1095 ms, keyterms=-
sample1: rtf 1.511 p95 1098.6 ms max 1861.4 ms fin 2 ms | I suppose I should. Take out The mouth guard before I start talking here. This isn't the best time to capture my voice because I'm a little... I'm tired, so my voice is probably crooked.
sample2: rtf 2.146 p95 1543.6 ms max 4334.1 ms fin 4 ms | I suppose I should have said "Grill with Docs" because it seems important to write the results of this planning session down. for future sessions to head back. Plan right down these bindings when it resolves. Wait should I just be using handy I love using it because it doesn't seem to be streaming If it's true as a result, maybe it's fine if it's directly instead of building PT
sample3: rtf 2.399 p95 1719.4 ms max 3782.7 ms fin 3 ms | So? What is it that we... Here Alright, I guess I could just read back something that you wrote to me. Hotkey with release detection. 0.46 the global shortcuts portal has no backend. And domeshell's own grab api is close to 3.0
sample4: rtf 1.806 p95 1275.0 ms max 2583.9 ms fin 3 ms | Actually reading stuff that's already written is not Really good example data that we're looking for here It would be best to just use one of the words come to mind off the At the top of my head. So that's I like what That would actually be the same as an dictating to the VP.
[00:42:05] moonshine small cpus=8
loaded moon-small-cpu8 (arch 4, lib version 30000) in 378 ms, keyterms=-
sample1: rtf 1.037 p95 719.2 ms max 1618.0 ms fin 4 ms | Hey, suppose I should. Take out. The mouth guard before I start talking here. This isn't the best time to capture my voice because I'm a little... Tired so my voice is probably crooked
sample2: rtf 1.600 p95 1055.3 ms max 2651.5 ms fin 6 ms | I suppose I should have said grill of dogs, because it seems important to write the results of this planning session down. For the future sessions that back. Planetary felony's findings were in the applesauce. Wait, should I just be using handy? I wasn't using it because it doesn't seem to be streaming. If it's true as a result, maybe it's fine if it's directly instead of building PT
sample3: rtf 1.687 p95 1037.0 ms max 3380.7 ms fin 5 ms | So What is it that we... Here. I guess I could just read back something that you wrote to me. A lot of key with release detection. On 946, the global shortcuts portal has no backend. They were acting at 948. Nome shells own grab api is closed throughput.
sample4: rtf 1.028 p95 723.7 ms max 1633.6 ms fin 5 ms | Actually reading stuff that's already written is not. Another example data that we're looking for here. It would be best to just use one of the words come to mind often. It's at the top of my head. So that's I'm like, what? That would actually be same as in Dictating to the computer.
[00:44:50] moonshine medium cpus=0
loaded moon-medium-cpu0 (arch 5, lib version 30000) in 1357 ms, keyterms=-
sample1: rtf 2.723 p95 2067.4 ms max 3214.2 ms fin 4 ms | I suppose I should. Take out The mouth guard before I start talking here. This isn't the best time to capture my voice because I'm a little... I'm tired, so my voice is probably crooked.
sample2: rtf 2.293 p95 1594.4 ms max 3542.4 ms fin 5 ms | I suppose I should have said "Grill with Docs" because it seems important to write the results of this planning session down. for future sessions to head back. Plan right down these bindings when it resolves. Wait should I just be using handy I love using it because it doesn't seem to be streaming If it's true as a result, maybe it's fine if it's directly instead of building PT
sample3: rtf 2.354 p95 1757.1 ms max 4071.9 ms fin 5 ms | So? What is it that we... Here Alright, I guess I could just read back something that you wrote to me. Hotkey with release detection. 0.46 the global shortcuts portal has no backend. And domeshell's own grab api is close to 3.0
sample4: rtf 1.907 p95 1428.4 ms max 3161.5 ms fin 2 ms | Actually reading stuff that's already written is not Really good example data that we're looking for here It would be best to just use one of the words come to mind off the At the top of my head. So that's I like what That would actually be the same as an dictating to the VP.
[00:49:32] moonshine small cpus=0
loaded moon-small-cpu0 (arch 4, lib version 30000) in 467 ms, keyterms=-
sample1: rtf 1.555 p95 774.4 ms max 2728.4 ms fin 4 ms | Hey, suppose I should. Take out. The mouth guard before I start talking here. This isn't the best time to capture my voice because I'm a little... Tired so my voice is probably crooked
sample2: rtf 1.443 p95 914.5 ms max 2809.6 ms fin 2 ms | I suppose I should have said grill of dogs, because it seems important to write the results of this planning session down. For the future sessions that back. Planetary felony's findings were in the applesauce. Wait, should I just be using handy? I wasn't using it because it doesn't seem to be streaming. If it's true as a result, maybe it's fine if it's directly instead of building PT
sample3: rtf 1.467 p95 627.2 ms max 3894.0 ms fin 5 ms | So What is it that we... Here. I guess I could just read back something that you wrote to me. A lot of key with release detection. Now in 46, the global shortcuts portal has no backend. They were out to 1148. Nome shells own grab api is closed throughput.
sample4: rtf 1.318 p95 945.6 ms max 2367.6 ms fin 2 ms | Actually reading stuff that's already written is not. Another example data that we're looking for here. It would be best to just use one of the words come to mind often. It's at the top of my head. So that's I'm like, what? That would actually be same as in Dictating to the computer.
[00:52:33] done
